[     456ms] TypeError: Cannot read properties of null (reading 'replace')
    at http://localhost:3939/linkbio.html:20:8758
    at Object.registerChunk (http://localhost:3939/linkbio.html:20:8824)
    at F (http://localhost:3939/linkbio.html:20:8440)
    at Array.forEach (<anonymous>)
    at http://localhost:3939/linkbio.html:20:10599
    at http://localhost:3939/linkbio.html:20:10611
[     457ms] TypeError: Cannot read properties of null (reading 'replace')
    at http://localhost:3939/linkbio.html:20:8758
    at Object.registerChunk (http://localhost:3939/linkbio.html:20:8824)
    at F (http://localhost:3939/linkbio.html:20:8440)
    at Array.forEach (<anonymous>)
    at http://localhost:3939/linkbio.html:20:10599
    at http://localhost:3939/linkbio.html:20:10611
[     457ms] TypeError: Cannot read properties of null (reading 'replace')
    at http://localhost:3939/linkbio.html:20:8758
    at Object.registerChunk (http://localhost:3939/linkbio.html:20:8824)
    at F (http://localhost:3939/linkbio.html:20:8440)
    at Array.forEach (<anonymous>)
    at http://localhost:3939/linkbio.html:20:10599
    at http://localhost:3939/linkbio.html:20:10611
[     458ms] TypeError: Cannot read properties of null (reading 'replace')
    at http://localhost:3939/linkbio.html:20:8758
    at Object.registerChunk (http://localhost:3939/linkbio.html:20:8824)
    at F (http://localhost:3939/linkbio.html:20:8440)
    at Array.forEach (<anonymous>)
    at http://localhost:3939/linkbio.html:20:10599
    at http://localhost:3939/linkbio.html:20:10611
[     458ms] TypeError: Cannot read properties of null (reading 'replace')
    at http://localhost:3939/linkbio.html:20:8758
    at Object.registerChunk (http://localhost:3939/linkbio.html:20:8824)
    at F (http://localhost:3939/linkbio.html:20:8440)
    at Array.forEach (<anonymous>)
    at http://localhost:3939/linkbio.html:20:10599
    at http://localhost:3939/linkbio.html:20:10611
[     458ms] TypeError: Cannot read properties of null (reading 'replace')
    at http://localhost:3939/linkbio.html:20:8758
    at Object.registerChunk (http://localhost:3939/linkbio.html:20:8824)
    at Object.F [as push] (http://localhost:3939/linkbio.html:20:8440)
    at http://localhost:3939/linkbio.html:22:51
[     458ms] TypeError: Cannot read properties of null (reading 'replace')
    at http://localhost:3939/linkbio.html:20:8758
    at Object.registerChunk (http://localhost:3939/linkbio.html:20:8824)
    at Object.F [as push] (http://localhost:3939/linkbio.html:20:8440)
    at http://localhost:3939/linkbio.html:32:51
[     458ms] TypeError: Cannot read properties of null (reading 'replace')
    at http://localhost:3939/linkbio.html:20:8758
    at Object.registerChunk (http://localhost:3939/linkbio.html:20:8824)
    at Object.F [as push] (http://localhost:3939/linkbio.html:20:8440)
    at http://localhost:3939/linkbio.html:34:51
[     458ms] TypeError: Cannot read properties of null (reading 'replace')
    at http://localhost:3939/linkbio.html:20:8758
    at Object.registerChunk (http://localhost:3939/linkbio.html:20:8824)
    at Object.F [as push] (http://localhost:3939/linkbio.html:20:8440)
    at http://localhost:3939/linkbio.html:36:51
[     458ms] TypeError: Cannot read properties of null (reading 'replace')
    at http://localhost:3939/linkbio.html:20:8758
    at Object.registerChunk (http://localhost:3939/linkbio.html:20:8824)
    at Object.F [as push] (http://localhost:3939/linkbio.html:20:8440)
    at http://localhost:3939/linkbio.html:99:51
[     458ms] TypeError: Cannot read properties of null (reading 'replace')
    at http://localhost:3939/linkbio.html:20:8758
    at Object.registerChunk (http://localhost:3939/linkbio.html:20:8824)
    at Object.F [as push] (http://localhost:3939/linkbio.html:20:8440)
    at http://localhost:3939/linkbio.html:101:51
[     470ms] TypeError: Cannot read properties of null (reading 'replace')
    at http://localhost:3939/linkbio.html:20:8758
    at Object.registerChunk (http://localhost:3939/linkbio.html:20:8824)
    at Object.F [as push] (http://localhost:3939/linkbio.html:20:8440)
    at http://localhost:3939/linkbio.html:160:51
[     476ms] [ERROR] Failed to load resource: the server responded with a status of 404 (Not Found) @ http://localhost:3939/media/83afe278b6a6bb3c-s.p.0q-301v4kxxnr.woff2:0
[    4396ms] [WARNING] The resource https://exclusivo.opailhabela.com.br/_next/static/media/83afe278b6a6bb3c-s.p.0q-301v4kxxnr.woff2 was preloaded using link preload but not used within a few seconds from the window's load event. Please make sure it has an appropriate `as` value and it is preloaded intentionally. @ http://localhost:3939/linkbio.html:0
[    4396ms] [WARNING] The resource https://exclusivo.opailhabela.com.br/_next/static/chunks/0t1et0tty8o9s.js was preloaded using link preload but not used within a few seconds from the window's load event. Please make sure it has an appropriate `as` value and it is preloaded intentionally. @ http://localhost:3939/linkbio.html:0
